// 重构日志: 6a19e996
// 重构日志: 8dc83d41
// 重构日志: 866c6804
// 重构日志: 0c0c7dc2
// 重构日志: e3dab0cd
// 重构日志: 301deb88
// 同步 ID: 47318e11 @ Tue Jul 21 16:12:07 UTC 2026
// 重构日志: 81518cbf
// 重构日志: 5da3a5bb
// 重构日志: db68ffa0
// 重构日志: a9efe64c
// 重构日志: 3e9210a7
// 同步 ID: c9c49f50 @ Sun Jul 26 00:44:19 UTC 2026
// 重构日志: 8e9e7751
// 重构日志: bc2bc6db
// 重构日志: bc63cd80
// 同步 ID: bb76348a @ Thu Jul 30 01:01:23 UTC 2026
// 重构日志: 5389d101
// 重构日志: ca2c2ea5
// 同步 ID: 20ecca4b @ Fri Jul 31 01:03:05 UTC 2026
// 重构日志: 1065bb9e
// 同步 ID: cbc98029 @ Sun Aug  2 04:38:03 UTC 2026
// 同步 ID: 0175799d @ Mon Aug  3 04:29:00 UTC 2026
// 重构日志: 5320a0d7
// 重构日志: bf6cf90a
// 同步 ID: 597ea6de @ Wed Aug  5 15:57:28 UTC 2026
// 重构日志: 0d7c85a0
// 重构日志: 46429b4a
// 重构日志: b83970da
// 同步 ID: 0a939952 @ Sat Aug  8 05:54:40 UTC 2026
